[ERR] hentaicity.com, NAV_FAIL
[ERR] axisbank.com, NAV_FAIL
[ERR] sexkomix2.com, Task timeout for sexkomix2.com
[ERR] filgoal.com, NAV_FAIL
[ERR] monotaro.com, NAV_FAIL
[ERR] cinepolis.com, NAV_FAIL
[ERR] espn.com.ar, NAV_FAIL
[ERR] elitebabes.com, NAV_FAIL
[ERR] foresee.com, NAV_FAIL
[ERR] nmas.com.mx, NAV_FAIL
[ERR] kurashiru.com, NAV_FAIL
[ERR] qoo10.jp, NAV_FAIL
[ERR] cloudtrax.com, NAV_FAIL
[ERR] zoneedit.com, NAV_FAIL
[ERR] gitbook.com, NAV_FAIL
[ERR] homeadvisor.com, NAV_FAIL
[ERR] google.com.cu, NAV_FAIL
[ERR] zoho.in, NAV_FAIL
[ERR] shonenjumpplus.com, NAV_FAIL
[ERR] psiphon.ca, NAV_FAIL
[ERR] pajak.go.id, NAV_FAIL
[ERR] boat-lifestyle.com, NAV_FAIL
[ERR] lpsg.com, NAV_FAIL
[ERR] fitgirl-repacks.site, NAV_FAIL
[ERR] exoclick.com, NAV_FAIL
[ERR] advertising.com, NAV_FAIL
[ERR] taylorfrancis.com, NAV_FAIL
[ERR] overdrive.com, NAV_FAIL
[ERR] www.sri.gob.ec, NAV_FAIL
[ERR] udmserve.net, NAV_FAIL
[ERR] casinoscores.com, NAV_FAIL
[ERR] novelpia.com, NAV_FAIL
[ERR] userreport.com, NAV_FAIL
[ERR] mangaread.org, NAV_FAIL
[ERR] esteri.it, NAV_FAIL
[ERR] redwap.me, NAV_FAIL
[ERR] goneo.de, NAV_FAIL
[ERR] ibtimes.co.uk, NAV_FAIL
[ERR] storysaver.net, NAV_FAIL
[ERR] doaj.org, NAV_FAIL
[ERR] nptel.ac.in, NAV_FAIL
[ERR] navi.com, NAV_FAIL
[ERR] jmty.jp, NAV_FAIL
[ERR] maturetube.com, NAV_FAIL
[ERR] www.skylark.co.jp, NAV_FAIL
[ERR] myherbalife.com, NAV_FAIL
[ERR] bibliaon.com, NAV_FAIL
[ERR] fararu.com, NAV_FAIL
[ERR] freeporno.xxx, NAV_FAIL
[ERR] google.com.jm, NAV_FAIL
[ERR] storiesig.info, NAV_FAIL
[ERR] aifaceswap.io, NAV_FAIL
[ERR] google.co.ls, NAV_FAIL
[ERR] knigavuhe.org, NAV_FAIL
[ERR] freshporno.net, NAV_FAIL
[ERR] novelfire.net, NAV_FAIL
[ERR] spankbang.party, NAV_FAIL
[ERR] imagekit.io, NAV_FAIL
[ERR] mensjournal.com, NAV_FAIL
[ERR] internationalcupid.com, NAV_FAIL
[ERR] www.correoargentino.com.ar, NAV_FAIL
[ERR] tiempo.com, NAV_FAIL
[ERR] eluniversal.com.mx, NAV_FAIL
[ERR] hentaiheroes.com, NAV_FAIL
[ERR] google.ms, NAV_FAIL
[ERR] bluecore.com, NAV_FAIL
[ERR] tiava.com, NAV_FAIL
[ERR] filmix.my, NAV_FAIL
[ERR] eghtesadonline.com, NAV_FAIL
[ERR] mangapark.io, NAV_FAIL
[ERR] inverse.com, NAV_FAIL
[ERR] umontreal.ca, NAV_FAIL
[ERR] newsweekjapan.jp, NAV_FAIL
[ERR] elbalad.news, NAV_FAIL
[ERR] xnxx-ru.com, NAV_FAIL
[ERR] elmueble.com, NAV_FAIL
[ERR] ad-stir.com, NAV_FAIL
[ERR] medal.tv, NAV_FAIL
[ERR] afrointroductions.com, NAV_FAIL
[ERR] minkabu.jp, NAV_FAIL
[ERR] demonicscans.org, NAV_FAIL
[ERR] bustybus.com, NAV_FAIL
[ERR] animeflv.net, NAV_FAIL
[ERR] vine.co, NAV_FAIL
[ERR] nap.edu, NAV_FAIL
[ERR] diariodocomercio.com.br, NAV_FAIL
[ERR] eva.vn, NAV_FAIL
[ERR] locum.ru, NAV_FAIL
[ERR] upravel.com, NAV_FAIL
[ERR] tukif.porn, NAV_FAIL
[ERR] truyenfull.vision, NAV_FAIL
[ERR] joyn.de, Task timeout for joyn.de
[ERR] anybunny.org, NAV_FAIL
[ERR] hello.porn, NAV_FAIL
[ERR] wonporn.com, NAV_FAIL
[ERR] hentairead.com, NAV_FAIL
[ERR] papy.co.jp, NAV_FAIL
[ERR] hqporn.xxx, NAV_FAIL
[ERR] thehentai.net, NAV_FAIL
[ERR] ok.porn, NAV_FAIL
[ERR] www.pokemoncenter-online.com, NAV_FAIL
[ERR] remaker.ai, NAV_FAIL
[ERR] beinsports.com.tr, NAV_FAIL
[ERR] lcwss.com, NAV_FAIL
[ERR] javhd.today, NAV_FAIL
[ERR] playfootball.games, NAV_FAIL
[ERR] xgx.mobi, Task timeout for xgx.mobi
[ERR] kabutan.jp, NAV_FAIL
[ERR] bitmoji.com, Task timeout for bitmoji.com
[ERR] oo-t.com, NAV_FAIL
[ERR] igram.world, NAV_FAIL
[ERR] jang.com.pk, NAV_FAIL
[ERR] happymail.co.jp, NAV_FAIL
[ERR] bash.com, NAV_FAIL
[ERR] liftdsp.com, NAV_FAIL
[ERR] redwap.tv, NAV_FAIL
[ERR] hentaimama.io, NAV_FAIL
[ERR] hot-sex-tube.com, NAV_FAIL
[ERR] amedia.online, NAV_FAIL
[ERR] txxx.me, NAV_FAIL
[ERR] komikindo.ch, NAV_FAIL
[ERR] ewg.org, NAV_FAIL
[ERR] delhivery.com, NAV_FAIL
[ERR] ikman.lk, NAV_FAIL
[ERR] lolesports.com, NAV_FAIL
[ERR] lifehack.org, NAV_FAIL
[ERR] wplay.co, NAV_FAIL
[ERR] fiu.edu, NAV_FAIL
[ERR] rawstory.com, NAV_FAIL
[ERR] xnxxporn.video, NAV_FAIL
[ERR] yiv.com, NAV_FAIL
[ERR] www.adtdp.com, NAV_FAIL
[ERR] servicewebly.com, NAV_FAIL
[ERR] xxvideos.video, NAV_FAIL
[ERR] beastiality.tv, NAV_FAIL
[ERR] saveclip.app, Task timeout for saveclip.app
[ERR] 91porny.com, NAV_FAIL
[ERR] xxxdan.com, NAV_FAIL
[ERR] mixnews.lv, NAV_FAIL
[ERR] vinted.pl, NAV_FAIL
[ERR] ticketnew.com, NAV_FAIL
[ERR] www.gob.pe, NAV_FAIL
[ERR] bysex.click, Task timeout for bysex.click
[ERR] www.nomura.co.jp, NAV_FAIL
[ERR] javbus.com, NAV_FAIL
[ERR] jjgirls.com, NAV_FAIL
[ERR] gismeteo.by, NAV_FAIL
[ERR] argentina.gob.ar, NAV_FAIL
[ERR] sfile.mobi, NAV_FAIL
[ERR] freepornvideo.sex, NAV_FAIL
[ERR] vidmateapp.com, NAV_FAIL
[ERR] nikkei225jp.com, NAV_FAIL
[ERR] instiz.net, NAV_FAIL
[ERR] betmexico.mx, NAV_FAIL
[ERR] newsbeast.gr, NAV_FAIL
[ERR] felissimo.co.jp, NAV_FAIL
[ERR] rou.video, NAV_FAIL
[ERR] mintmanga.one, NAV_FAIL
[ERR] ibps.in, NAV_FAIL
[ERR] lekmanga.net, NAV_FAIL
[ERR] bolasport.com, NAV_FAIL
[ERR] confirmtkt.com, NAV_FAIL
[ERR] readli.net, NAV_FAIL
[ERR] fotomac.com.tr, NAV_FAIL
[ERR] livesport.cz, NAV_FAIL
[ERR] rijksoverheid.nl, NAV_FAIL
[ERR] freegames.com, NAV_FAIL
[ERR] kif.tube, NAV_FAIL
[ERR] sevilmusics.com, Task timeout for sevilmusics.com
[ERR] mym.fans, NAV_FAIL
[ERR] fresha.com, NAV_FAIL
[ERR] cash.app, NAV_FAIL
[ERR] g4media.ro, NAV_FAIL
[ERR] xnxx-livecams.com, NAV_FAIL
[ERR] sparkchain.ai, NAV_FAIL
[ERR] flashscore.es, NAV_FAIL
[ERR] linkplay.com, NAV_FAIL
[ERR] xvlivecams.com, NAV_FAIL
[ERR] auntmia.com, NAV_FAIL
[ERR] altibbi.com, NAV_FAIL
[ERR] nrdc.org, NAV_FAIL
[ERR] bikedekho.com, NAV_FAIL
[ERR] whatfix.com, NAV_FAIL
[ERR] mponline.gov.in, NAV_FAIL
[ERR] ekitan.com, NAV_FAIL
[ERR] kiryuu02.com, NAV_FAIL
[ERR] semana.es, NAV_FAIL
[ERR] sex6x.com, NAV_FAIL
[ERR] ridewithvia.com, NAV_FAIL
[ERR] simplecloud.ru, NAV_FAIL
[ERR] smbcnikko.co.jp, NAV_FAIL
[ERR] massagerepublic.com, NAV_FAIL
[ERR] dnevnik.hr, NAV_FAIL
[ERR] xxxmovies.life, NAV_FAIL
[ERR] pixverse.ai, NAV_FAIL
[ERR] starfieldtech.com, Task timeout for starfieldtech.com
[ERR] hsex.men, NAV_FAIL
[ERR] kubnews.ru, NAV_FAIL
[ERR] faradeed.ir, NAV_FAIL
[ERR] yougov.com, NAV_FAIL
[ERR] towardsdatascience.com, NAV_FAIL
[ERR] hihi2.com, NAV_FAIL
[ERR] 888scoreonline.net, NAV_FAIL
[ERR] vista.ir, NAV_FAIL
[ERR] assertcom.de, Task timeout for assertcom.de
[ERR] musicsweb.ir, NAV_FAIL
[ERR] aryion.com, NAV_FAIL
[ERR] www.cwa.gov.tw, NAV_FAIL
[ERR] fornex.com, NAV_FAIL
[ERR] xnxxarab.to, NAV_FAIL
[ERR] nobat.ir, NAV_FAIL
[ERR] sexbebin.com, NAV_FAIL
[ERR] shayanews.com, NAV_FAIL
[ERR] osf.io, Task timeout for osf.io
[ERR] tiny.com.br, NAV_FAIL
[ERR] www.poste.dz, NAV_FAIL
[ERR] administracionelectronica.gob.es, NAV_FAIL
[ERR] dash.bet, NAV_FAIL
[ERR] gnupg.org, Task timeout for gnupg.org
[ERR] informer.rs, NAV_FAIL
[ERR] 8888.bg, NAV_FAIL
[ERR] ib-game.jp, NAV_FAIL
[ERR] darkero.com, NAV_FAIL
[ERR] nan-net.com, NAV_FAIL
[ERR] hover.to, NAV_FAIL
[ERR] proxyium.com, NAV_FAIL
[ERR] toptoon.com, NAV_FAIL
[ERR] lacuerda.net, NAV_FAIL
[ERR] timebucks.com, NAV_FAIL
[ERR] 19216811.uno, NAV_FAIL
[ERR] thethaovanhoa.vn, NAV_FAIL
[ERR] goias.gov.br, NAV_FAIL
[ERR] priceoye.pk, NAV_FAIL
[ERR] meteofor.com.ua, NAV_FAIL
[ERR] odysee.com, NAV_FAIL
[ERR] capetinhas.blog, NAV_FAIL
[ERR] viefaucet.com, NAV_FAIL
[ERR] surahquran.com, NAV_FAIL
[ERR] bobaedream.co.kr, NAV_FAIL
[ERR] redporn.porn, NAV_FAIL
[ERR] delishkitchen.tv, NAV_FAIL
[ERR] proteantech.in, NAV_FAIL
[ERR] jecontacte.com, NAV_FAIL
[ERR] www.takarakuji-official.jp, NAV_FAIL
[ERR] ren.tv, NAV_FAIL
[ERR] streamlabs.com, NAV_FAIL
[ERR] xosothantai.mobi, NAV_FAIL
[ERR] hashtino.ir, NAV_FAIL
[ERR] bitdrift.io, NAV_FAIL
[ERR] cri.cn, NAV_FAIL
[ERR] kmv.ru, NAV_FAIL
[ERR] indown.io, NAV_FAIL
[ERR] avs.io, NAV_FAIL
[ERR] steamunlocked.org, NAV_FAIL
[ERR] rajwap.cc, NAV_FAIL
[ERR] uzmovi.tv, NAV_FAIL
[ERR] gekso.com, NAV_FAIL
[ERR] oceans-nadia.com, NAV_FAIL
[ERR] yanmaga.jp, NAV_FAIL
[ERR] ondisk.co.kr, NAV_FAIL
[ERR] observador.pt, NAV_FAIL
[ERR] coolrom.com.au, NAV_FAIL
[ERR] new-programmatic.com, NAV_FAIL
[ERR] ikiru.wtf, NAV_FAIL
[ERR] xskt.com.vn, NAV_FAIL
[ERR] vlxx.bz, NAV_FAIL
[ERR] delta-executor.com, NAV_FAIL
[ERR] yaoimangaonline.com, NAV_FAIL
[ERR] nozomi.la, NAV_FAIL
[ERR] jbzd.com.pl, NAV_FAIL
[ERR] freevideo.cz, NAV_FAIL
[ERR] gpvn.ru, NAV_FAIL
[ERR] pisofiph.com, NAV_FAIL
[ERR] grapee.jp, NAV_FAIL
[ERR] shbet800.com, NAV_FAIL
[ERR] tv9telugu.com, NAV_FAIL
[ERR] chartink.com, NAV_FAIL
[ERR] lingbokep.com, Task timeout for lingbokep.com
[ERR] 3gpking.name, NAV_FAIL
[ERR] instreamatic.com, NAV_FAIL
[ERR] clipsexsub3x.net, NAV_FAIL
[ERR] purelovers.com, NAV_FAIL
[ERR] alarbda.com, NAV_FAIL
[ERR] kuruma-news.jp, NAV_FAIL
[ERR] getty.edu, NAV_FAIL
[ERR] hlebo.com, NAV_FAIL
[ERR] technorati.com, NAV_FAIL
[ERR] papercut.com, NAV_FAIL
[ERR] ngentub.cc, NAV_FAIL
[ERR] appmedia.jp, NAV_FAIL
[ERR] iranjib.ir, NAV_FAIL
[ERR] moppy.jp, NAV_FAIL
[ERR] jobcan.jp, Task timeout for jobcan.jp
[ERR] heritage.org, NAV_FAIL
[ERR] krx18.com, NAV_FAIL
[ERR] litgorod.ru, NAV_FAIL
[ERR] novel543.com, NAV_FAIL
[ERR] javsek.net, NAV_FAIL
[ERR] pasarbokep.com, NAV_FAIL
[ERR] flashscore.com.ve, NAV_FAIL
[ERR] hotxv.com, NAV_FAIL
[ERR] pornid.name, NAV_FAIL
[ERR] pornogratisdiario.com, NAV_FAIL
[ERR] kamigame.jp, NAV_FAIL
[ERR] wuxiabox.com, NAV_FAIL
[ERR] udvash-unmesh.com, NAV_FAIL
[ERR] tameteo.com, NAV_FAIL
[ERR] monica.im, NAV_FAIL
[ERR] redtube.com.br, NAV_FAIL
[ERR] queensu.ca, NAV_FAIL
[ERR] thegatewaypundit.com, NAV_FAIL
[ERR] medex.com.bd, NAV_FAIL
[ERR] mobirise.com, NAV_FAIL
[ERR] www.afp.com, NAV_FAIL
[ERR] shrmha.com, NAV_FAIL
[ERR] coral.co.uk, NAV_FAIL
[ERR] baji999.in, NAV_FAIL
[ERR] gadsme.com, NAV_FAIL
[ERR] worldathletics.org, NAV_FAIL
[ERR] animevost.org, NAV_FAIL
[ERR] unitedcinemas.jp, NAV_FAIL
[ERR] nosalty.hu, NAV_FAIL
[ERR] portalbrasil.net, NAV_FAIL
[ERR] pi7.org, NAV_FAIL
[ERR] f8beta2.com, NAV_FAIL
[ERR] 90minut.pl, Task timeout for 90minut.pl
[ERR] xalabahia.com, NAV_FAIL
[ERR] truyenwikidich.net, NAV_FAIL
[ERR] wy916.com, NAV_FAIL
[ERR] dnevno.hr, NAV_FAIL
[ERR] nefes.com.tr, NAV_FAIL
[ERR] whatmobile.com.pk, NAV_FAIL
[ERR] pornktube.com, NAV_FAIL
[ERR] lsgkerala.gov.in, NAV_FAIL
[ERR] nutanix.com, NAV_FAIL
[ERR] thepaper.cn, NAV_FAIL
[ERR] wav.tv, NAV_FAIL
[ERR] abozeb.com, Task timeout for abozeb.com
[ERR] arabsex1.com, NAV_FAIL
[ERR] apkfunny.com, NAV_FAIL
[ERR] pornorama.com, NAV_FAIL
[ERR] trezor.io, NAV_FAIL
[ERR] peta.org, NAV_FAIL
[ERR] pointi.jp, NAV_FAIL
[ERR] nyahentai.re, NAV_FAIL
[ERR] 2k.com, NAV_FAIL
[ERR] 3lawey.com, NAV_FAIL
[ERR] mangago.zone, NAV_FAIL
[ERR] 3rabxn.com, NAV_FAIL
[ERR] arbada.net, NAV_FAIL
[ERR] porcupinepress.com, NAV_FAIL
[ERR] orekou.net, NAV_FAIL
[ERR] iteratehq.com, NAV_FAIL
[ERR] pex.jp, NAV_FAIL
[ERR] thains.co.th, NAV_FAIL
[ERR] dropmms.net, NAV_FAIL
[ERR] sexarabii.com, NAV_FAIL
[ERR] fngml.com, NAV_FAIL
[ERR] shirazishoo.ir, NAV_FAIL
[ERR] asrmusics.com, Task timeout for asrmusics.com
[ERR] scba.gov.ar, NAV_FAIL
[ERR] sengokuixa.jp, NAV_FAIL
[ERR] pornobrasil.com, NAV_FAIL
[ERR] flowermanga.net, NAV_FAIL
[ERR] fastvideosave.net, NAV_FAIL
[ERR] watchanimeworld.in, NAV_FAIL
[ERR] arabhotx.com, NAV_FAIL
[ERR] tamilgun.group, NAV_FAIL
[ERR] cision.com, NAV_FAIL
[ERR] royal558.com, NAV_FAIL
[ERR] maynoe.com, NAV_FAIL
[ERR] animeshentai.biz, Task timeout for animeshentai.biz
[ERR] careerpower.in, NAV_FAIL
[ERR] petel.bg, NAV_FAIL
[ERR] honeygain.com, NAV_FAIL
[ERR] duunitori.fi, NAV_FAIL
[ERR] agones.gr, NAV_FAIL
[ERR] ondigitalocean.com, NAV_FAIL
[ERR] google.tk, NAV_FAIL
[ERR] celuapuestas.ink, NAV_FAIL
[ERR] nu.or.id, NAV_FAIL
[ERR] gentosha-go.com, NAV_FAIL
[ERR] photoroom.com, NAV_FAIL
[ERR] interbet.co.za, NAV_FAIL
[ERR] uba.ar, NAV_FAIL
[ERR] megagroup.ru, NAV_FAIL
[ERR] pcmax.jp, NAV_FAIL
[ERR] new88bi.com, NAV_FAIL
[ERR] desifile.net, NAV_FAIL
[ERR] olhardigital.com.br, NAV_FAIL
[ERR] bongdanet.co, NAV_FAIL
[ERR] qvc.jp, NAV_FAIL
[ERR] lacasadelosfamososmexico.tv, NAV_FAIL
[ERR] albumaty.com, NAV_FAIL
[ERR] lapalabradeldia.com, NAV_FAIL
[ERR] linksys.com, NAV_FAIL
[ERR] hi8823.com, NAV_FAIL
[ERR] sex-masry.com, Task timeout for sex-masry.com
[ERR] proofdns.net, NAV_FAIL
[ERR] twword.com, NAV_FAIL
[ERR] searchtribune.com, NAV_FAIL
[ERR] obramat.es, NAV_FAIL
[ERR] radar.io, NAV_FAIL
[ERR] lotoven.com, NAV_FAIL
[ERR] orlandosentinel.com, NAV_FAIL
[ERR] zistop.com, NAV_FAIL
[ERR] dochord.com, NAV_FAIL
[ERR] trueanthem.com, NAV_FAIL
[ERR] elmaz.com, NAV_FAIL
[ERR] nrc.nl, NAV_FAIL
[ERR] bizimhesap.com, NAV_FAIL
[ERR] www.shop-shimamura.com, NAV_FAIL
[ERR] vidmate-official.com, NAV_FAIL
[ERR] amaporn.com, NAV_FAIL
[ERR] codeproject.com, NAV_FAIL
[ERR] purestorage.com, NAV_FAIL
[ERR] brivo.com, NAV_FAIL
[ERR] trendybeatz.com, NAV_FAIL
[ERR] loteriadehoy.com, NAV_FAIL
[ERR] drxsw.com, NAV_FAIL
[ERR] bestguiltypleasure.com, NAV_FAIL
[ERR] energystar.gov, NAV_FAIL
[ERR] surabaya.go.id, NAV_FAIL
[ERR] goctruyentranhvui17.com, NAV_FAIL
[ERR] sproutgigs.com, NAV_FAIL
[ERR] sarapbabe.com, NAV_FAIL
[ERR] comicbox.xyz, NAV_FAIL
[ERR] mappy.com, NAV_FAIL
[ERR] topgai.net, NAV_FAIL
[ERR] zellbury.com, NAV_FAIL
[ERR] wizards.com, NAV_FAIL
[ERR] zaiim.com, NAV_FAIL
[ERR] sextop1.movie, NAV_FAIL
[ERR] djatoya.com, NAV_FAIL
[ERR] unionbankonline.co.in, NAV_FAIL
[ERR] pokepara.jp, NAV_FAIL
[ERR] 9jarocks.net, Task timeout for 9jarocks.net
[ERR] espacioapk.com, NAV_FAIL
[ERR] studying.jp, NAV_FAIL
[ERR] insurads.com, NAV_FAIL
[ERR] av-th.net, NAV_FAIL
[ERR] zazaza.me, NAV_FAIL
[ERR] 037hdjav.com, NAV_FAIL
[ERR] ketqua04.net, NAV_FAIL
[ERR] babu88.gold, NAV_FAIL
[ERR] xnxxvideos.in, NAV_FAIL
[ERR] fancode.com, NAV_FAIL
[ERR] azeriseks.org, NAV_FAIL
[ERR] metruyenhot.me, NAV_FAIL
[ERR] kdreams.jp, NAV_FAIL
[ERR] meduza.io, NAV_FAIL
[ERR] leaktube.net, NAV_FAIL
[ERR] hawaii.gov, NAV_FAIL
[ERR] xvideos69.xxx, NAV_FAIL
[ERR] sangtacviet.app, NAV_FAIL
[ERR] espn.com.do, NAV_FAIL
[ERR] diabetes.org, NAV_FAIL
[ERR] inecnigeria.org, NAV_FAIL
[ERR] mobizil.com, NAV_FAIL
[ERR] dewafilm.xyz, NAV_FAIL
[ERR] slashgear.com, NAV_FAIL
[ERR] mlwbd.is, NAV_FAIL
[ERR] uafix.net, NAV_FAIL
[ERR] eufy.com, NAV_FAIL
[ERR] xsmn247.me, NAV_FAIL
[ERR] mangakimi.com, NAV_FAIL
[ERR] toonstream.love, NAV_FAIL
[ERR] metruyencv.biz, NAV_FAIL
[ERR] jalf.com, NAV_FAIL
[ERR] roborock.com, NAV_FAIL
[ERR] bootstrapmade.com, NAV_FAIL
[ERR] kiplinger.com, NAV_FAIL
[ERR] uncutmaza.com.co, NAV_FAIL
[ERR] vi-hentai.moe, NAV_FAIL
[ERR] www.bappamtv.com, NAV_FAIL
[ERR] abdelmaaboud.com, NAV_FAIL
[ERR] dianomi.com, NAV_FAIL
[ERR] djpunjab.is, NAV_FAIL
[ERR] tuma.jp, NAV_FAIL
[ERR] animesalt.cc, NAV_FAIL
[ERR] hotosena.com, NAV_FAIL
[ERR] ulluhotseries.com, NAV_FAIL
[ERR] fivem.net, NAV_FAIL
[ERR] ixdzs.tw, NAV_FAIL
[ERR] 24smi.net, NAV_FAIL
[ERR] nudeindians2.net, NAV_FAIL
[ERR] hdhindisex.com, NAV_FAIL
[ERR] google.gp, NAV_FAIL
[ERR] www.nankankeiba.com, NAV_FAIL
[ERR] digitalspy.com, NAV_FAIL
[ERR] ibommatamil.com, Task timeout for ibommatamil.com
[ERR] meteored.cl, NAV_FAIL
[ERR] lootedpinay.com, NAV_FAIL
[ERR] mxporn.net, NAV_FAIL
[ERR] swapfone.org, NAV_FAIL
[ERR] jenkins.io, NAV_FAIL
[ERR] sportsnet.ca, NAV_FAIL
[ERR] foreignaffairs.com, NAV_FAIL
[ERR] wcd.gov.in, NAV_FAIL
[ERR] healmate.jp, NAV_FAIL
[ERR] darknaija.com, NAV_FAIL
[ERR] etrain.info, NAV_FAIL
[ERR] fringster.com, NAV_FAIL
[ERR] gali-result.in, NAV_FAIL
[ERR] dizy.com, NAV_FAIL
[ERR] ucm.es, NAV_FAIL
[ERR] n8n.io, NAV_FAIL
[ERR] phonearena.com, NAV_FAIL
[ERR] domain.by, NAV_FAIL
[ERR] foxit.com, NAV_FAIL
[ERR] canalturf.com, NAV_FAIL
[ERR] adcf.org, Task timeout for adcf.org
[ERR] ladyxena.com, NAV_FAIL
[ERR] rojgarresult.com, NAV_FAIL
[ERR] allsectech.com, NAV_FAIL
[ERR] yandex.net, NAV_FAIL
[ERR] 14emeliaterracewestroxburyma02132.su, NAV_FAIL
[ERR] businessinsider.com, NAV_FAIL
[ERR] notamedia.ru, NAV_FAIL
[ERR] 2gis.com, NAV_FAIL
[ERR] telekom.net, NAV_FAIL
[ERR] tencent.com, NAV_FAIL
[ERR] betweendigital.com, NAV_FAIL
[ERR] seznam.cz, NAV_FAIL
[ERR] tinkoff.ru, NAV_FAIL
[ERR] beeline.ru, NAV_FAIL
[ERR] psychologytoday.com, NAV_FAIL
[ERR] gismeteo.ru, NAV_FAIL
[ERR] dmm.co.jp, NAV_FAIL
[ERR] ynet.co.il, NAV_FAIL
[ERR] txnhh.com, NAV_FAIL
[ERR] sportybet.com, NAV_FAIL
[ERR] novinky.cz, NAV_FAIL
[ERR] xvv1deos.com, NAV_FAIL
[ERR] xnxx.tv, NAV_FAIL
[ERR] savvis.net, NAV_FAIL
[ERR] interia.pl, NAV_FAIL
[ERR] jalan.net, NAV_FAIL
[ERR] hulu.com, NAV_FAIL
[ERR] xvideos2.com, NAV_FAIL
[ERR] sun.com, NAV_FAIL
[ERR] betway.co.za, NAV_FAIL
[ERR] imagefap.com, NAV_FAIL
[ERR] ifilo.net, NAV_FAIL
[ERR] porno666.fo, NAV_FAIL
[ERR] anwap.today, NAV_FAIL
[ERR] banxia.la, NAV_FAIL
[ERR] livescore.cz, NAV_FAIL
[ERR] sitescout.com, NAV_FAIL
[ERR] epfindia.gov.in, Task timeout for epfindia.gov.in
[ERR] tawk.to, NAV_FAIL
[ERR] vmware.com, NAV_FAIL
[ERR] oreilly.com, NAV_FAIL
[ERR] canada.ca, NAV_FAIL
[ERR] nest.com, NAV_FAIL
[ERR] nirvam.it, NAV_FAIL
[ERR] acs.org, NAV_FAIL
[ERR] staseraintv.com, NAV_FAIL
[ERR] medicalnewstoday.com, NAV_FAIL
[ERR] elsevier.com, NAV_FAIL
[ERR] postgresql.org, NAV_FAIL
[ERR] cam.ac.uk, NAV_FAIL
[ERR] nic.media, NAV_FAIL
[ERR] overwolf.com, NAV_FAIL
[ERR] fastcompany.com, NAV_FAIL
[ERR] ovhcloud.com, NAV_FAIL
[ERR] www.mathtag.com, NAV_FAIL
[ERR] bootstrapcdn.com, NAV_FAIL
[ERR] scientificamerican.com, NAV_FAIL
[ERR] docker.io, NAV_FAIL
[ERR] tds.net, NAV_FAIL
[ERR] ntppool.org, NAV_FAIL
[ERR] jwplayer.com, NAV_FAIL
[ERR] samsungknox.com, NAV_FAIL
[ERR] armgs.team, NAV_FAIL
[ERR] avito.st, NAV_FAIL
[ERR] blizzard.com, NAV_FAIL
[ERR] google.co.id, NAV_FAIL
[ERR] spaceweb.ru, NAV_FAIL
[ERR] americanexpress.com, NAV_FAIL
[ERR] smi2.ru, NAV_FAIL
[ERR] ezvizru.com, NAV_FAIL
[ERR] google.pl, NAV_FAIL
[ERR] poshvine.com, NAV_FAIL
[ERR] rosminzdrav.ru, NAV_FAIL
[ERR] ixbt.com, NAV_FAIL
[ERR] spot.im, NAV_FAIL
[ERR] ed.gov, NAV_FAIL
[ERR] acronis.com, NAV_FAIL
[ERR] amazon.com.tr, NAV_FAIL
[ERR] squareup.com, NAV_FAIL
[ERR] appier.net, NAV_FAIL
[ERR] logitech.com, NAV_FAIL
[ERR] office365.us, NAV_FAIL
[ERR] unicef.org, NAV_FAIL
[ERR] sport.es, NAV_FAIL
[ERR] rustore.ru, NAV_FAIL
[ERR] ufl.edu, NAV_FAIL
[ERR] kakao.com, NAV_FAIL
[ERR] inleed.net, NAV_FAIL
[ERR] metropoles.com, NAV_FAIL
[ERR] garena.com, NAV_FAIL
[ERR] midilibre.fr, NAV_FAIL
[ERR] aboutcookies.org, NAV_FAIL
[ERR] www.webrootcloudav.com, NAV_FAIL
[ERR] pruffme.com, NAV_FAIL
[ERR] lge.com, NAV_FAIL
[ERR] craigslist.org, NAV_FAIL
[ERR] nic.do, NAV_FAIL
[ERR] amazonaws.com.cn, NAV_FAIL
[ERR] infonline.de, NAV_FAIL
[ERR] istockphoto.com, NAV_FAIL
[ERR] gmx.net, NAV_FAIL
[ERR] pwc.com, NAV_FAIL
[ERR] census.gov, NAV_FAIL
[ERR] rfc-editor.org, NAV_FAIL
[ERR] indianbfvideos.com, NAV_FAIL
[ERR] urbanairship.com, NAV_FAIL
[ERR] bollyflix.faith, NAV_FAIL
[ERR] gameanalytics.com, NAV_FAIL
[ERR] dynamics.com, NAV_FAIL
[ERR] gettyimages.com, NAV_FAIL
[ERR] altervista.org, NAV_FAIL
[ERR] midea.com, NAV_FAIL
[ERR] mintegral.net, NAV_FAIL
[ERR] adsmoloco.com, NAV_FAIL
[ERR] chartboost.com, NAV_FAIL
[ERR] lazada.com, NAV_FAIL
[ERR] moviezwap.town, NAV_FAIL
[ERR] screenconnect.com, NAV_FAIL
[ERR] 5movierulz.cheap, NAV_FAIL
[ERR] freefiremobile.com, NAV_FAIL
[ERR] iubenda.com, NAV_FAIL
[ERR] harman.com, NAV_FAIL
[ERR] swiftkey.com, NAV_FAIL
[ERR] ti.com, NAV_FAIL
[ERR] iotcplatform.com, NAV_FAIL
[ERR] ably.io, NAV_FAIL
[ERR] anchor.fm, NAV_FAIL
[ERR] perl.org, NAV_FAIL
[ERR] heise.de, NAV_FAIL
[ERR] cxense.com, NAV_FAIL
[ERR] paramountplus.com, NAV_FAIL
[ERR] geeksforgeeks.org, NAV_FAIL
[ERR] airtable.com, NAV_FAIL
[ERR] powerbi.com, NAV_FAIL
[ERR] allocine.fr, NAV_FAIL
[ERR] peacocktv.com, NAV_FAIL
[ERR] kicker.de, NAV_FAIL
[ERR] google.us, NAV_FAIL
[ERR] northwestern.edu, NAV_FAIL
[ERR] correiobraziliense.com.br, NAV_FAIL
[ERR] tmz.com, NAV_FAIL
[ERR] aptrinsic.com, NAV_FAIL
[ERR] getgrass.io, NAV_FAIL
[ERR] liveintent.com, NAV_FAIL
[ERR] nasdaq.com, NAV_FAIL
[ERR] htsc.com, NAV_FAIL
[ERR] proof-dns.com, NAV_FAIL
[ERR] postman.com, NAV_FAIL
[ERR] archives.gov, NAV_FAIL
[ERR] porsche.com, NAV_FAIL
[ERR] utah.edu, NAV_FAIL
[ERR] minecraft.net, NAV_FAIL
[ERR] ubisoft.com, NAV_FAIL
[ERR] loom.com, NAV_FAIL
[ERR] rottentomatoes.com, NAV_FAIL
[ERR] crowdstrike.com, NAV_FAIL
[ERR] futbin.com, NAV_FAIL
[ERR] max.com, NAV_FAIL
[ERR] ssl.com, NAV_FAIL
[ERR] ilfattoquotidiano.it, NAV_FAIL
[ERR] ctvnews.ca, NAV_FAIL
[ERR] zeit.de, NAV_FAIL
[ERR] kinopoisk.ru, NAV_FAIL
[ERR] bzsn.ru, NAV_FAIL
[ERR] transmissionapp.com, NAV_FAIL
[ERR] tricolor.tv, NAV_FAIL
[ERR] ethz.ch, NAV_FAIL
[ERR] fitbit.com, NAV_FAIL
[ERR] billboard.com, NAV_FAIL
[ERR] ycombinator.com, NAV_FAIL
[ERR] edurm.ru, NAV_FAIL
[ERR] yumpu.com, NAV_FAIL
[ERR] gog.com, NAV_FAIL
[ERR] trafficjunky.net, NAV_FAIL
[ERR] si.com, NAV_FAIL
[ERR] cuny.edu, NAV_FAIL
[ERR] allrecipes.com, NAV_FAIL
[ERR] ilmessaggero.it, NAV_FAIL
[ERR] thedailybeast.com, NAV_FAIL
[ERR] newsbreak.com, NAV_FAIL
[ERR] google.be, NAV_FAIL
[ERR] doubleclick.com, NAV_FAIL
[ERR] tutu.ru, NAV_FAIL
[ERR] uhc.com, NAV_FAIL
[ERR] bu.edu, NAV_FAIL
[ERR] vanityfair.com, NAV_FAIL
[ERR] foxbusiness.com, NAV_FAIL
[ERR] ihc.ru, NAV_FAIL
[ERR] ionos.de, NAV_FAIL
[ERR] jagranjosh.com, NAV_FAIL
[ERR] cronista.com, NAV_FAIL
[ERR] walgreens.com, NAV_FAIL
[ERR] trip.com, NAV_FAIL
[ERR] buzzoola.com, NAV_FAIL
[ERR] wellsfargo.com, NAV_FAIL
[ERR] nalog.ru, NAV_FAIL
[ERR] dns.pt, NAV_FAIL
[ERR] cnbcindonesia.com, NAV_FAIL
[ERR] philips.com, NAV_FAIL
[ERR] heart.org, NAV_FAIL
[ERR] habr.com, NAV_FAIL
[ERR] verywellhealth.com, NAV_FAIL
[ERR] faz.net, NAV_FAIL
[ERR] sardine.ai, NAV_FAIL
[ERR] digitaltrends.com, NAV_FAIL
[ERR] treasury.gov, NAV_FAIL
[ERR] texas.gov, NAV_FAIL
[ERR] instacart.com, NAV_FAIL
[ERR] osu.edu, NAV_FAIL
[ERR] netgate.com, NAV_FAIL
[ERR] rutgers.edu, NAV_FAIL
[ERR] google.com.mx, NAV_FAIL
[ERR] wayfair.com, NAV_FAIL
[ERR] fortinet.com, NAV_FAIL
[ERR] gemini.google, NAV_FAIL
[ERR] mpg.de, NAV_FAIL
[ERR] brusnika.ru, NAV_FAIL
[ERR] google.com.tr, NAV_FAIL
[ERR] google.at, NAV_FAIL
[ERR] dtscout.com, NAV_FAIL
[ERR] thomsonreuters.com, NAV_FAIL
[ERR] google.ch, NAV_FAIL
[ERR] wipo.int, NAV_FAIL
[ERR] coca-cola.com, NAV_FAIL
[ERR] google.com.tw, NAV_FAIL
[ERR] pandasecurity.com, NAV_FAIL
[ERR] sex-studentki.coffee, NAV_FAIL
[ERR] google.co.th, NAV_FAIL
[ERR] brookings.edu, NAV_FAIL
[ERR] google.com.ua, NAV_FAIL
[ERR] unruly.co, NAV_FAIL
[ERR] redbull.com, NAV_FAIL
[ERR] gap.com, Task timeout for gap.com
[ERR] nyc.gov, NAV_FAIL
[ERR] hootsuite.com, NAV_FAIL
[ERR] ad-tech.ru, NAV_FAIL
[ERR] wustl.edu, NAV_FAIL
[ERR] www.weatherbug.net, NAV_FAIL
[ERR] xe.com, NAV_FAIL
[ERR] revcontent.com, NAV_FAIL
[ERR] hostpoint.ch, NAV_FAIL
[ERR] novell.com, NAV_FAIL
[ERR] arin.net, NAV_FAIL
[ERR] citi.com, NAV_FAIL
[ERR] bittorrent.com, NAV_FAIL
[ERR] rusprofile.ru, NAV_FAIL
[ERR] pushy.io, NAV_FAIL
[ERR] ohchr.org, NAV_FAIL
[ERR] salon.com, NAV_FAIL
[ERR] piano.io, NAV_FAIL
[ERR] mcdonalds.com, NAV_FAIL
[ERR] malwarebytes.com, NAV_FAIL
[ERR] threatlocker.com, NAV_FAIL
[ERR] pitt.edu, NAV_FAIL
[ERR] voanews.com, NAV_FAIL
[ERR] inmotionhosting.com, NAV_FAIL
[ERR] adfox.ru, NAV_FAIL
[ERR] adition.com, NAV_FAIL
[ERR] brightcloud.com, NAV_FAIL
[ERR] straitstimes.com, NAV_FAIL
[ERR] nexon.com, NAV_FAIL
[ERR] platformaofd.ru, NAV_FAIL
[ERR] alibaba-inc.com, NAV_FAIL
[ERR] bspb.ru, NAV_FAIL
[ERR] traveloka.com, NAV_FAIL
[ERR] qnap.com, NAV_FAIL
[ERR] vrt.be, NAV_FAIL
[ERR] evidon.com, NAV_FAIL
[ERR] google.gr, NAV_FAIL
[ERR] google.co.kr, NAV_FAIL
[ERR] sberbank-tele.com, NAV_FAIL
[ERR] rr.com, NAV_FAIL
[ERR] ed.ac.uk, NAV_FAIL
[ERR] axis.com, NAV_FAIL
[ERR] service-public.fr, NAV_FAIL
[ERR] oath.com, NAV_FAIL
[ERR] weborama.fr, NAV_FAIL
[ERR] victoriassecret.com, NAV_FAIL
[ERR] zopim.com, NAV_FAIL
[ERR] infomaniak.com, NAV_FAIL
[ERR] sfu.ca, NAV_FAIL
[ERR] hpdaas.com, NAV_FAIL
[ERR] hawaii.edu, NAV_FAIL
[ERR] google.ie, NAV_FAIL
[ERR] google.co.nz, NAV_FAIL
[ERR] br.de, NAV_FAIL
[ERR] google.bg, NAV_FAIL
[ERR] familysearch.org, NAV_FAIL
[ERR] eurodns.com, NAV_FAIL
[ERR] clarin.com, NAV_FAIL
[ERR] politico.eu, NAV_FAIL
[ERR] treasuredata.com, NAV_FAIL
[ERR] ix.ru, NAV_FAIL
[ERR] financialexpress.com, NAV_FAIL
[ERR] activision.com, NAV_FAIL
[ERR] eatingwell.com, NAV_FAIL
[ERR] google.com.eg, NAV_FAIL
[ERR] chrome.com, NAV_FAIL
[ERR] marthastewart.com, Task timeout for marthastewart.com
[ERR] amnesty.org, NAV_FAIL
[ERR] google.ae, NAV_FAIL
[ERR] zdf.de, NAV_FAIL
[ERR] iastate.edu, NAV_FAIL
[ERR] sketchup.com, NAV_FAIL
[ERR] answers.com, NAV_FAIL
[ERR] progressive.com, NAV_FAIL
[ERR] mynavi.jp, NAV_FAIL
[ERR] popsci.com, NAV_FAIL
[ERR] radiofrance.fr, NAV_FAIL
[ERR] 1moviesda.io, NAV_FAIL
[ERR] hdhub4u.florist, NAV_FAIL
[ERR] google.com.pe, NAV_FAIL
[ERR] 5movierulz.villas, NAV_FAIL
[ERR] bedbathandbeyond.com, NAV_FAIL
[ERR] adscale.de, NAV_FAIL
[ERR] cribl.cloud, NAV_FAIL
[ERR] kp.ru, NAV_FAIL
[ERR] stern.de, NAV_FAIL
[ERR] moviezwap.care, NAV_FAIL
[ERR] nerdwallet.com, NAV_FAIL
[ERR] google.com.pk, NAV_FAIL
[ERR] uscis.gov, NAV_FAIL
[ERR] newsroom.bi, NAV_FAIL
[ERR] moviesda13.com, NAV_FAIL
[ERR] fsu.edu, NAV_FAIL
[ERR] realsimple.com, NAV_FAIL
[ERR] ardmediathek.de, NAV_FAIL
[ERR] macrumors.com, NAV_FAIL
[ERR] nj.com, NAV_FAIL
[ERR] dreame.tech, NAV_FAIL
[ERR] centurygame.com, NAV_FAIL
[ERR] channel4.com, NAV_FAIL
[ERR] aljazeera.net, NAV_FAIL
[ERR] uga.edu, NAV_FAIL
[ERR] chosun.com, NAV_FAIL
[ERR] cybertrust.com, NAV_FAIL
[ERR] insider.com, NAV_FAIL
[ERR] sportradarserving.com, NAV_FAIL
[ERR] snowflake.com, NAV_FAIL
[ERR] aruba.it, NAV_FAIL
[ERR] fema.gov, NAV_FAIL
[ERR] aws.com, NAV_FAIL
[ERR] google.co.ve, NAV_FAIL
[ERR] securly.com, NAV_FAIL
[ERR] tildacdn.com, NAV_FAIL
[ERR] menlosecurity.com, NAV_FAIL
[ERR] technorail.com, NAV_FAIL
[ERR] google.com.gt, NAV_FAIL
[ERR] fraunhofer.de, NAV_FAIL
[ERR] google.com.ng, NAV_FAIL
[ERR] google.com.ec, NAV_FAIL
[ERR] google.com.do, NAV_FAIL
[ERR] idealo.de, NAV_FAIL
[ERR] mullvad.net, NAV_FAIL
[ERR] arbeitsagentur.de, NAV_FAIL
[ERR] sbb.ch, Task timeout for sbb.ch
[ERR] cnr.it, NAV_FAIL
[ERR] alamy.com, NAV_FAIL
[ERR] 365scores.com, NAV_FAIL
[ERR] 20minutes.fr, NAV_FAIL
[ERR] coxautoinc.com, NAV_FAIL
[ERR] cwi.nl, NAV_FAIL
[ERR] vedomosti.ru, NAV_FAIL
[ERR] bluestacks.com, NAV_FAIL
[ERR] mojang.com, NAV_FAIL
[ERR] concursolutions.com, NAV_FAIL
[ERR] telstra.com, NAV_FAIL
[ERR] amazon.ae, NAV_FAIL
[ERR] google.az, NAV_FAIL
[ERR] project-limelight.com, NAV_FAIL
[ERR] ow.ly, NAV_FAIL
[ERR] google.iq, NAV_FAIL
[ERR] abb.com, NAV_FAIL
[ERR] legislation.gov.uk, NAV_FAIL
[ERR] razerzone.com, NAV_FAIL
[ERR] custhelp.com, NAV_FAIL
[ERR] ustream.tv, NAV_FAIL
[ERR] techsmith.com, NAV_FAIL
[ERR] federalreserve.gov, NAV_FAIL
[ERR] southwest.com, NAV_FAIL
[ERR] seagate.com, NAV_FAIL
[ERR] flipsnack.com, NAV_FAIL
[ERR] threema.ch, Task timeout for threema.ch
[ERR] derstandard.at, NAV_FAIL
[ERR] nominaltechno.com, NAV_FAIL
[ERR] exs.pl, NAV_FAIL
[ERR] www.mhlw.go.jp, NAV_FAIL
[ERR] adspower.net, NAV_FAIL
[ERR] westernunion.com, Task timeout for westernunion.com
[ERR] google.co.ma, NAV_FAIL
[ERR] eclipse.org, NAV_FAIL
[ERR] everydayhealth.com, NAV_FAIL
[ERR] sndcdn.com, NAV_FAIL
[ERR] udel.edu, NAV_FAIL
[ERR] snigelweb.com, NAV_FAIL
[ERR] kia.com, NAV_FAIL
[ERR] dominos.com, NAV_FAIL
[ERR] codeium.com, NAV_FAIL
[ERR] swr.de, NAV_FAIL
[ERR] ap.org, NAV_FAIL
[ERR] google.com.py, NAV_FAIL
[ERR] telegraaf.nl, NAV_FAIL
[ERR] alexa.com, NAV_FAIL
[ERR] ondemand.com, Task timeout for ondemand.com
[ERR] salesforce-scrt.com, NAV_FAIL
[ERR] usaa.com, NAV_FAIL
[ERR] nic.fr, NAV_FAIL
[ERR] google.tm, NAV_FAIL
[ERR] linewize.net, NAV_FAIL
[ERR] tf1.fr, NAV_FAIL
[ERR] liveinternet.ru, NAV_FAIL
[ERR] priceline.com, NAV_FAIL
[ERR] doxygen.org, NAV_FAIL
[ERR] blackrock.com, NAV_FAIL
[ERR] eldiario.es, NAV_FAIL
[ERR] mimecast.net, NAV_FAIL
[ERR] cisa.gov, NAV_FAIL
[ERR] ladbrokes.com, NAV_FAIL
[ERR] zee5.com, NAV_FAIL
[ERR] google.lt, NAV_FAIL
[ERR] google.com.mm, NAV_FAIL
[ERR] getbeamer.com, NAV_FAIL
[ERR] reference.com, NAV_FAIL
[ERR] amazon.se, NAV_FAIL
[ERR] anu.edu.au, NAV_FAIL
[ERR] warthunder.com, NAV_FAIL
[ERR] kaiserpermanente.org, NAV_FAIL
[ERR] deere.com, NAV_FAIL
[ERR] coveo.com, NAV_FAIL
[ERR] worldtimeserver.com, NAV_FAIL
[ERR] kinoafisha.info, NAV_FAIL
[ERR] 8x8.com, NAV_FAIL
[ERR] telefonica.com, NAV_FAIL
[ERR] gmx.com, NAV_FAIL
[ERR] blackboard.com, NAV_FAIL
[ERR] oppo.com, NAV_FAIL
[ERR] telenet.be, NAV_FAIL
[ERR] colostate.edu, Task timeout for colostate.edu
[ERR] google.com.kw, NAV_FAIL
[ERR] tum.de, NAV_FAIL
[ERR] mts.by, NAV_FAIL
[ERR] fujitsu.com, NAV_FAIL
[ERR] torproject.org, NAV_FAIL
[ERR] kaggle.com, NAV_FAIL
[ERR] medtronic.com, NAV_FAIL
[ERR] nifty.com, NAV_FAIL
[ERR] paysafecard.com, NAV_FAIL
[ERR] gazeta.ru, NAV_FAIL
[ERR] cntraveler.com, NAV_FAIL
[ERR] csmonitor.com, NAV_FAIL
[ERR] iq.com, NAV_FAIL
[ERR] overleaf.com, NAV_FAIL
[ERR] hola.com, NAV_FAIL
[ERR] vtex.com, NAV_FAIL
[ERR] xda-developers.com, NAV_FAIL
[ERR] dmm.com, NAV_FAIL
[ERR] telus.com, NAV_FAIL
[ERR] powerplatform.com, NAV_FAIL
[ERR] ama-assn.org, NAV_FAIL
[ERR] immobilienscout24.de, NAV_FAIL
[ERR] abebooks.com, NAV_FAIL
[ERR] callofduty.com, NAV_FAIL
[ERR] leadconnectorhq.com, NAV_FAIL
[ERR] powerschool.com, NAV_FAIL
[ERR] atg.se, NAV_FAIL
[ERR] weborama-tech.ru, NAV_FAIL
[ERR] google.by, NAV_FAIL
[ERR] yango.com, NAV_FAIL
[ERR] www.u-tokyo.ac.jp, NAV_FAIL
[ERR] arte.tv, NAV_FAIL
[ERR] eia.gov, NAV_FAIL
[ERR] bricklink.com, NAV_FAIL
[ERR] mercadopago.com, NAV_FAIL
[ERR] yr.no, NAV_FAIL
[ERR] google.rs, NAV_FAIL
[ERR] intermedia.net, NAV_FAIL
[ERR] lexisnexis.com, NAV_FAIL
[ERR] wdr.de, NAV_FAIL
[ERR] a.co, NAV_FAIL
[ERR] google.ge, NAV_FAIL
[ERR] mediaset.it, NAV_FAIL
[ERR] sportingnews.com, NAV_FAIL
[ERR] screwfix.com, NAV_FAIL
[ERR] arcpublishing.com, NAV_FAIL
[ERR] google.ps, NAV_FAIL
[ERR] google.co.ke, NAV_FAIL
[ERR] google.com.qa, NAV_FAIL
[ERR] acast.com, NAV_FAIL
[ERR] ilsole24ore.com, NAV_FAIL
[ERR] google.sk, NAV_FAIL
[ERR] vizio.com, NAV_FAIL
[ERR] sydney.edu.au, NAV_FAIL
[ERR] emory.edu, NAV_FAIL
[ERR] fubo.tv, Task timeout for fubo.tv
[ERR] google.com.gi, NAV_FAIL
[ERR] correios.com.br, NAV_FAIL
[ERR] aetna.com, NAV_FAIL
[ERR] krone.at, NAV_FAIL
[ERR] diy.com, NAV_FAIL
[ERR] lilithgame.com, NAV_FAIL
[ERR] lookmovie2.to, NAV_FAIL
[ERR] nationalarchives.gov.uk, NAV_FAIL
[ERR] rainbird.com, NAV_FAIL
[ERR] tacobell.com, NAV_FAIL
[ERR] aboutamazon.com, NAV_FAIL
[ERR] zyxel.com, NAV_FAIL
[ERR] codecademy.com, NAV_FAIL
[ERR] google.com.kh, NAV_FAIL
[ERR] skynet.be, NAV_FAIL
[ERR] theweathernetwork.com, NAV_FAIL
[ERR] channelnewsasia.com, NAV_FAIL
[ERR] dartmouth.edu, NAV_FAIL
[ERR] owhealth.com, Task timeout for owhealth.com
[ERR] 3ds.com, NAV_FAIL
[ERR] zerohedge.com, NAV_FAIL
[ERR] benzinga.com, NAV_FAIL
[ERR] rebrand.ly, NAV_FAIL
[ERR] foodandwine.com, NAV_FAIL
[ERR] bentley.com, NAV_FAIL
[ERR] wallapop.com, NAV_FAIL
[ERR] timesnownews.com, NAV_FAIL
[ERR] imperial.ac.uk, NAV_FAIL
[ERR] k12.com, NAV_FAIL
[ERR] rtl.de, NAV_FAIL
[ERR] boeing.com, NAV_FAIL
[ERR] womenshealthmag.com, NAV_FAIL
[ERR] sputniknews.com, NAV_FAIL
[ERR] utah.gov, NAV_FAIL
[ERR] poste.it, NAV_FAIL
[ERR] microsoft365.com, NAV_FAIL
[ERR] 123rf.com, NAV_FAIL
[ERR] rtl.fr, NAV_FAIL
[ERR] cbs.com, NAV_FAIL
[ERR] buffalo.edu, NAV_FAIL
[ERR] canon.com, NAV_FAIL
[ERR] meteoblue.com, NAV_FAIL
[ERR] guinnessworldrecords.com, NAV_FAIL
[ERR] nic.live, NAV_FAIL
[ERR] 1tv.ru, NAV_FAIL
[ERR] wired.co.uk, NAV_FAIL
[ERR] outsideonline.com, NAV_FAIL
[ERR] fr.de, NAV_FAIL
[ERR] google.lv, NAV_FAIL
[ERR] wassenaar.org, NAV_FAIL
[ERR] mypurecloud.com, NAV_FAIL
[ERR] tinypic.com, NAV_FAIL
[ERR] rutracker.org, NAV_FAIL
[ERR] 360.com, NAV_FAIL
[ERR] eater.com, NAV_FAIL
[ERR] lepoint.fr, NAV_FAIL
[ERR] acehardware.com, NAV_FAIL
[ERR] ucsc.edu, NAV_FAIL
[ERR] sportsdirect.com, NAV_FAIL
[ERR] rainews.it, NAV_FAIL
[ERR] ocn.ne.jp, NAV_FAIL
[ERR] thinkwithgoogle.com, NAV_FAIL
[ERR] afterpay.com, NAV_FAIL
[ERR] tv-asahi.co.jp, NAV_FAIL
[ERR] dynu.com, NAV_FAIL
[ERR] corel.com, NAV_FAIL
[ERR] daraz.pk, NAV_FAIL
[ERR] kakaku.com, NAV_FAIL
[ERR] complianz.io, NAV_FAIL
[ERR] championat.com, NAV_FAIL
[ERR] liverpoolecho.co.uk, NAV_FAIL
[ERR] feverup.com, NAV_FAIL
[ERR] mattel.com, NAV_FAIL
[ERR] we.tl, NAV_FAIL
[ERR] tpbid.com, NAV_FAIL
[ERR] mangadex.org, NAV_FAIL
[ERR] nationalpost.com, NAV_FAIL
[ERR] recruit.co.jp, NAV_FAIL
[ERR] workday.com, NAV_FAIL
[ERR] ohio.gov, NAV_FAIL
[ERR] yandex-team.ru, NAV_FAIL
[ERR] fantasypros.com, NAV_FAIL
[ERR] bleepingcomputer.com, Task timeout for bleepingcomputer.com
[ERR] siol.net, NAV_FAIL
[ERR] ora.com, NAV_FAIL
[ERR] uw.edu, NAV_FAIL
[ERR] getpostman.com, NAV_FAIL
[ERR] freenet.de, NAV_FAIL
[ERR] bhg.com, NAV_FAIL
[ERR] uvfuns.com, NAV_FAIL
[ERR] aap.org, NAV_FAIL
[ERR] netnod.se, NAV_FAIL
[ERR] google.co.cr, NAV_FAIL
[ERR] haaretz.com, NAV_FAIL
[ERR] shareasale.com, NAV_FAIL
[ERR] apps.chrome, NAV_FAIL
[ERR] adme.media, NAV_FAIL
[ERR] ally.com, NAV_FAIL
[ERR] google.com.cy, NAV_FAIL
[ERR] siteground.biz, NAV_FAIL
[ERR] gnavi.co.jp, NAV_FAIL
[ERR] uky.edu, NAV_FAIL
[ERR] instyle.com, NAV_FAIL
[ERR] defensx.com, NAV_FAIL
[ERR] netshoes.com.br, NAV_FAIL
[ERR] gmx.de, NAV_FAIL
[ERR] huffingtonpost.fr, NAV_FAIL
[ERR] smashingmagazine.com, NAV_FAIL
[ERR] heyzine.com, NAV_FAIL
[ERR] backtrace.io, NAV_FAIL
[ERR] ceneo.pl, Task timeout for ceneo.pl
[ERR] moneta.ru, Task timeout for moneta.ru
[ERR] academy.com, NAV_FAIL
[ERR] gsu.edu, NAV_FAIL
[ERR] apkmirror.com, NAV_FAIL
[ERR] phpmyadmin.net, NAV_FAIL
[ERR] thomann.de, NAV_FAIL
[ERR] compass.com, Task timeout for compass.com
[ERR] ajc.com, NAV_FAIL
[ERR] withbuddies.com, NAV_FAIL
[ERR] picpay.com, NAV_FAIL
[ERR] ouraring.com, NAV_FAIL
[ERR] amazon.sa, NAV_FAIL
[ERR] ria.com, NAV_FAIL
[ERR] bancointer.com.br, NAV_FAIL
[ERR] mindbodyonline.com, NAV_FAIL
[ERR] trimble.com, NAV_FAIL
[ERR] babycenter.com, NAV_FAIL
[ERR] game8.co, NAV_FAIL
[ERR] oclc.org, NAV_FAIL
[ERR] cleveland.com, NAV_FAIL
[ERR] 10jqka.com.cn, NAV_FAIL
[ERR] devline.tv, NAV_FAIL
[ERR] autoscout24.de, NAV_FAIL
[ERR] govinfo.gov, NAV_FAIL
[ERR] vietnamnet.vn, NAV_FAIL
[ERR] treehugger.com, NAV_FAIL
[ERR] trenitalia.com, NAV_FAIL
[ERR] f2pool.com, NAV_FAIL
[ERR] gla.ac.uk, NAV_FAIL
[ERR] jagex.com, NAV_FAIL
[ERR] polybuzz.ai, NAV_FAIL
[ERR] thomsonreuters.co.uk, NAV_FAIL
[ERR] uh.edu, NAV_FAIL
[ERR] easydns.com, NAV_FAIL
[ERR] td.com, NAV_FAIL
[ERR] credit-agricole.fr, NAV_FAIL
[ERR] sendgrid.com, NAV_FAIL
[ERR] ravelry.com, NAV_FAIL
[ERR] www.specbench.org, NAV_FAIL
[ERR] ctrls.in, NAV_FAIL
[ERR] cbp.gov, NAV_FAIL
[ERR] value-domain.com, NAV_FAIL
[ERR] servidoresdns.net, NAV_FAIL
[ERR] wyze.com, NAV_FAIL
[ERR] easports.com, NAV_FAIL
[ERR] artnet.com, NAV_FAIL
[ERR] awwwards.com, NAV_FAIL
[ERR] emarsys.net, NAV_FAIL
[ERR] google.com.bo, NAV_FAIL
[ERR] miami.edu, NAV_FAIL
[ERR] blackspider.com, NAV_FAIL
[ERR] suntimes.com, NAV_FAIL
[ERR] ticketmaster.co.uk, NAV_FAIL
[ERR] google.com.pa, NAV_FAIL
[ERR] braintreegateway.com, NAV_FAIL
[ERR] thomsonreuters.net, Task timeout for thomsonreuters.net
[ERR] bayern.de, NAV_FAIL
[ERR] real.com, NAV_FAIL
[ERR] journaldesfemmes.fr, NAV_FAIL
[ERR] centrum.cz, NAV_FAIL
[ERR] nme.com, NAV_FAIL
[ERR] helsinki.fi, NAV_FAIL
[ERR] documentcloud.org, NAV_FAIL
[ERR] bnf.fr, NAV_FAIL
[ERR] wyndhamhotels.com, NAV_FAIL
[ERR] appdynamics.com, NAV_FAIL
[ERR] iinet.net.au, NAV_FAIL
[ERR] mynet.com, NAV_FAIL
[ERR] clemson.edu, NAV_FAIL
[ERR] blocket.se, NAV_FAIL
[ERR] mumsnet.com, NAV_FAIL
[ERR] monster.com, NAV_FAIL
[ERR] prodigygame.com, NAV_FAIL
[ERR] haberturk.com, NAV_FAIL
[ERR] degruyter.com, NAV_FAIL
[ERR] abcp.ru, Task timeout for abcp.ru
[ERR] chime.aws, NAV_FAIL
[ERR] jpmorgan.com, NAV_FAIL
[ERR] bt.net, NAV_FAIL
[ERR] willhaben.at, NAV_FAIL
[ERR] covers.com, NAV_FAIL
[ERR] coub.com, NAV_FAIL
[ERR] infor.pl, NAV_FAIL
[ERR] register.it, NAV_FAIL
[ERR] dba.dk, NAV_FAIL
[ERR] geico.com, NAV_FAIL
[ERR] vinted.fr, NAV_FAIL
[ERR] mlive.com, NAV_FAIL
[ERR] nla.gov.au, NAV_FAIL
[ERR] maryland.gov, NAV_FAIL
[ERR] roche.com, NAV_FAIL
[ERR] jigsawplanet.com, NAV_FAIL
[ERR] abplive.com, NAV_FAIL
[ERR] qt.io, NAV_FAIL
[ERR] respawn.com, NAV_FAIL
[ERR] ledauphine.com, NAV_FAIL
[ERR] zoho.eu, NAV_FAIL
[ERR] google.com.np, NAV_FAIL
[ERR] powerreviews.com, NAV_FAIL
[ERR] gutefrage.net, NAV_FAIL
[ERR] akc.org, NAV_FAIL
[ERR] python.ca, NAV_FAIL
[ERR] fontanka.ru, NAV_FAIL
[ERR] nieuwsblad.be, Task timeout for nieuwsblad.be
[ERR] croc.ru, NAV_FAIL
[ERR] wikipedia.com, NAV_FAIL
[ERR] lidl.de, NAV_FAIL
[ERR] motherjones.com, NAV_FAIL
[ERR] sbs.com.au, NAV_FAIL
[ERR] geocaching.com, NAV_FAIL
[ERR] giga.de, NAV_FAIL
[ERR] angelone.in, NAV_FAIL
[ERR] cfr.org, NAV_FAIL
[ERR] thescore.com, NAV_FAIL
[ERR] la.lv, NAV_FAIL
[ERR] afr.com, NAV_FAIL
[ERR] lavozdegalicia.es, NAV_FAIL
[ERR] letelegramme.fr, NAV_FAIL
[ERR] arkoselabs.com, NAV_FAIL
[ERR] bonappetit.com, NAV_FAIL
[ERR] futurecdn.net, NAV_FAIL
[ERR] gpo.gov, NAV_FAIL
[ERR] airasia.com, NAV_FAIL
[ERR] skylinewebcams.com, NAV_FAIL
[ERR] ledger.com, NAV_FAIL
[ERR] mako.co.il, NAV_FAIL
[ERR] clinch.co, NAV_FAIL
[ERR] google.com.uy, NAV_FAIL
[ERR] drcedirect.com, NAV_FAIL
[ERR] em.com.br, NAV_FAIL
[ERR] origin.com, NAV_FAIL
[ERR] ahnlab.com, NAV_FAIL
[ERR] phosagro.ru, NAV_FAIL
[ERR] sportbox.ru, NAV_FAIL
[ERR] openedition.org, NAV_FAIL
[ERR] sanook.com, NAV_FAIL
[ERR] beget.tech, NAV_FAIL
[ERR] unwomen.org, NAV_FAIL
[ERR] niceincontact.com, NAV_FAIL
[ERR] bandsintown.com, NAV_FAIL
[ERR] samsungmobile.com, NAV_FAIL
[ERR] thermofisher.com, NAV_FAIL
[ERR] sabah.com.tr, NAV_FAIL
[ERR] leprogres.fr, NAV_FAIL
[ERR] contentful.com, NAV_FAIL
[ERR] datastax.com, NAV_FAIL
[ERR] geneanet.org, NAV_FAIL
[ERR] sports.ru, NAV_FAIL
[ERR] epfl.ch, NAV_FAIL
[ERR] kleinezeitung.at, NAV_FAIL
[ERR] iloveimg.com, NAV_FAIL
[ERR] elfinanciero.com.mx, NAV_FAIL
[ERR] privateinternetaccess.com, NAV_FAIL
[ERR] poetryfoundation.org, NAV_FAIL
[ERR] google.dz, NAV_FAIL
[ERR] accompany.com, NAV_FAIL
[ERR] saksfifthavenue.com, NAV_FAIL
[ERR] agenziaentrate.gov.it, NAV_FAIL
[ERR] cuni.cz, NAV_FAIL
[ERR] stripecdn.com, NAV_FAIL
[ERR] leagueofgraphs.com, NAV_FAIL
[ERR] complex.com, NAV_FAIL
[ERR] digistorm.com, NAV_FAIL
[ERR] sandiegouniontribune.com, NAV_FAIL
[ERR] truist.com, NAV_FAIL
[ERR] clicrbs.com.br, NAV_FAIL
[ERR] royaleapi.com, NAV_FAIL
[ERR] credly.com, NAV_FAIL
[ERR] emol.com, NAV_FAIL
[ERR] device9.com, NAV_FAIL
[ERR] join.chat, NAV_FAIL
[ERR] verizonwireless.com, NAV_FAIL
[ERR] daraz.com.bd, NAV_FAIL
[ERR] ricoh.com, NAV_FAIL
[ERR] framer.com, NAV_FAIL
[ERR] vultr.com, NAV_FAIL
[ERR] tsn.ua, NAV_FAIL
[ERR] dnszi.com, NAV_FAIL
[ERR] island.io, NAV_FAIL
[ERR] datatables.net, NAV_FAIL
[ERR] strip2.co, NAV_FAIL
[ERR] webmotors.com.br, NAV_FAIL
[ERR] cadenaser.com, NAV_FAIL
[ERR] liveramp.com, NAV_FAIL
[ERR] india.gov.in, NAV_FAIL
[ERR] sailpoint.com, NAV_FAIL
[ERR] marvel.com, NAV_FAIL
[ERR] claro.com.br, NAV_FAIL
[ERR] bms.com, NAV_FAIL
[ERR] onedio.com, NAV_FAIL
[ERR] avon.com, NAV_FAIL
[ERR] uni-heidelberg.de, NAV_FAIL
[ERR] dhnet.be, Task timeout for dhnet.be
[ERR] resetera.com, NAV_FAIL
[ERR] kubernetes.io, NAV_FAIL
[ERR] trackjs.com, NAV_FAIL
[ERR] slickdeals.net, NAV_FAIL
[ERR] google.kz, NAV_FAIL
[ERR] teleport.media, NAV_FAIL
[ERR] jbhifi.com.au, NAV_FAIL
[ERR] ntv.ru, NAV_FAIL
[ERR] eurogamer.net, NAV_FAIL
[ERR] igvita.com, NAV_FAIL
[ERR] researchnow.com, NAV_FAIL
[ERR] spbtv.com, NAV_FAIL
[ERR] nrich.ai, NAV_FAIL
[ERR] detik.com, NAV_FAIL
[ERR] oregon.gov, NAV_FAIL
[ERR] opera-mini.net, NAV_FAIL
[ERR] gsa.gov, NAV_FAIL
[ERR] eadaily.com, NAV_FAIL
[ERR] theporndude.com, NAV_FAIL
[ERR] adac.de, NAV_FAIL
[ERR] sport1.de, NAV_FAIL
[ERR] leeds.ac.uk, NAV_FAIL
[ERR] www.gigya.com, NAV_FAIL
[ERR] codedish.co, NAV_FAIL
[ERR] vanityfair.it, NAV_FAIL
[ERR] tapjoy.com, NAV_FAIL
[ERR] nuget.org, NAV_FAIL
[ERR] maharashtra.gov.in, NAV_FAIL
[ERR] northwesternmutual.com, NAV_FAIL
[ERR] versus.com, NAV_FAIL
[ERR] biography.com, NAV_FAIL
[ERR] thanhnien.vn, NAV_FAIL
[ERR] msk.ru, NAV_FAIL
[ERR] iaai.com, NAV_FAIL
[ERR] slideserve.com, NAV_FAIL
[ERR] nationalgeographic.org, NAV_FAIL
[ERR] certum.pl, NAV_FAIL
[ERR] fragrantica.com, NAV_FAIL
[ERR] sfchronicle.com, NAV_FAIL
[ERR] ntv.com.tr, NAV_FAIL
[ERR] discovermagazine.com, NAV_FAIL
[ERR] heraldo.es, NAV_FAIL
[ERR] freeconvert.com, NAV_FAIL
[ERR] boursorama.com, NAV_FAIL
[ERR] cnnturk.com, NAV_FAIL
[ERR] kidshealth.org, NAV_FAIL
[ERR] aemet.es, NAV_FAIL
[ERR] k8s.io, NAV_FAIL
[ERR] wolt.com, NAV_FAIL
[ERR] rs-online.com, NAV_FAIL
[ERR] google.hr, NAV_FAIL
[ERR] inaturalist.org, NAV_FAIL
[ERR] kurier.at, NAV_FAIL
[ERR] yoast.com, NAV_FAIL
[ERR] elcorreo.com, NAV_FAIL
[ERR] theintercept.com, NAV_FAIL
[ERR] iol.pt, NAV_FAIL
[ERR] teenvogue.com, NAV_FAIL
[ERR] savana.com, NAV_FAIL
[ERR] seaart.ai, NAV_FAIL
[ERR] maze.co, NAV_FAIL
[ERR] www.like-video.com, NAV_FAIL
[ERR] empik.com, NAV_FAIL
[ERR] swiftserve.com, NAV_FAIL
[ERR] cyberfolks.pl, NAV_FAIL
[ERR] esri.com, NAV_FAIL
[ERR] thetvapp.to, NAV_FAIL
[ERR] utk.edu, NAV_FAIL
[ERR] yourtango.com, NAV_FAIL
[ERR] ilgiornale.it, NAV_FAIL
[ERR] lexpress.fr, NAV_FAIL
[ERR] adnkronos.com, Task timeout for adnkronos.com
[ERR] auchan.fr, NAV_FAIL
[ERR] notepad-plus-plus.org, NAV_FAIL
[ERR] goibibo.com, NAV_FAIL
[ERR] pb.com, NAV_FAIL
[ERR] paho.org, NAV_FAIL
[ERR] tate.org.uk, NAV_FAIL
[ERR] r-project.org, NAV_FAIL
[ERR] enjoei.com.br, NAV_FAIL
[ERR] lu.se, NAV_FAIL
[ERR] b92.net, NAV_FAIL
[ERR] freecodecamp.org, NAV_FAIL
[ERR] whiterabbitpress.com, NAV_FAIL
[ERR] cigna.com, NAV_FAIL
[ERR] is.fi, NAV_FAIL
[ERR] kcl.ac.uk, NAV_FAIL
[ERR] wolterskluwer.com, NAV_FAIL
[ERR] aip.org, NAV_FAIL
[ERR] reliefweb.int, NAV_FAIL
[ERR] protonmail.ch, NAV_FAIL
[ERR] scielo.br, NAV_FAIL
[ERR] usbank.com, NAV_FAIL
[ERR] inmarsat.com, NAV_FAIL
[ERR] walesonline.co.uk, NAV_FAIL
[ERR] postermywall.com, NAV_FAIL
[ERR] demonware.net, NAV_FAIL
[ERR] europapress.es, NAV_FAIL
[ERR] rnp.br, NAV_FAIL
[ERR] astro.com, NAV_FAIL
[ERR] unm.edu, NAV_FAIL
[ERR] yamaha.com, NAV_FAIL
[ERR] swissinfo.ch, NAV_FAIL
[ERR] google.ht, NAV_FAIL
[ERR] citigroup.com, NAV_FAIL
[ERR] kuleuven.be, NAV_FAIL
[ERR] national-lottery.co.uk, NAV_FAIL
[ERR] google.dm, NAV_FAIL
[ERR] hna.de, NAV_FAIL
[ERR] birkenstock.com, NAV_FAIL
[ERR] rug.nl, NAV_FAIL
[ERR] partner.co.il, NAV_FAIL
[ERR] onefootball.com, NAV_FAIL
[ERR] cargocollective.com, NAV_FAIL
[ERR] seznamzpravy.cz, NAV_FAIL
[ERR] google.com.ni, NAV_FAIL
[ERR] jornada.com.mx, NAV_FAIL
[ERR] underarmour.com, NAV_FAIL
[ERR] zonatelecom.ru, NAV_FAIL
[ERR] tvspielfilm.de, NAV_FAIL
[ERR] ice.com, NAV_FAIL
[ERR] optum.com, NAV_FAIL
[ERR] runescape.com, NAV_FAIL
[ERR] honey.io, NAV_FAIL
[ERR] midasbuy.com, NAV_FAIL
[ERR] stitcher.com, NAV_FAIL
[ERR] google.com.om, NAV_FAIL
[ERR] rfa.org, NAV_FAIL
[ERR] google.ba, NAV_FAIL
[ERR] corppn.ru, NAV_FAIL
[ERR] instant-gaming.com, NAV_FAIL
[ERR] springernature.com, NAV_FAIL
[ERR] whoop.com, NAV_FAIL
[ERR] blesk.cz, NAV_FAIL
[ERR] retailrocket.ru, NAV_FAIL
[ERR] kariyer.net, NAV_FAIL
[ERR] edgenuity.com, NAV_FAIL
[ERR] trovaprezzi.it, NAV_FAIL
[ERR] www.batmanapollo.ru, NAV_FAIL
[ERR] sync.com, NAV_FAIL
[ERR] mbl.is, NAV_FAIL
[ERR] ub.edu, NAV_FAIL
[ERR] cscdns.net, NAV_FAIL
[ERR] altavista.com, NAV_FAIL
[ERR] thairath.co.th, NAV_FAIL
[ERR] csfd.cz, NAV_FAIL
[ERR] curalate.com, NAV_FAIL
[ERR] kathimerini.gr, NAV_FAIL
[ERR] fpo.xxx, NAV_FAIL
[ERR] clashofclans.com, NAV_FAIL
[ERR] athenahealth.com, NAV_FAIL
[ERR] tuasaude.com, NAV_FAIL
[ERR] abbott.com, NAV_FAIL
[ERR] skcrtxr.com, NAV_FAIL
[ERR] halodoc.com, NAV_FAIL
[ERR] unibo.it, NAV_FAIL
[ERR] cafepress.com, NAV_FAIL
[ERR] bet9ja.com, NAV_FAIL
[ERR] beforward.jp, NAV_FAIL
[ERR] rtbf.be, NAV_FAIL
[ERR] kampyle.com, NAV_FAIL
[ERR] meshok.net, Task timeout for meshok.net
[ERR] bethesda.net, NAV_FAIL
[ERR] christies.com, NAV_FAIL
[ERR] www.mizuhobank.co.jp, NAV_FAIL
[ERR] lenskart.com, NAV_FAIL
[ERR] ebsco.com, NAV_FAIL
[ERR] work.ua, NAV_FAIL
[ERR] gala.fr, NAV_FAIL
[ERR] shop-apotheke.com, NAV_FAIL
[ERR] otempo.com.br, NAV_FAIL
[ERR] schwaebische.de, NAV_FAIL
[ERR] immobiliare.it, NAV_FAIL
[ERR] netskope.com, NAV_FAIL
[ERR] google.as, NAV_FAIL
[ERR] www.globalsigncdn.com, NAV_FAIL
[ERR] lindependant.fr, NAV_FAIL
[ERR] ebanx.com, NAV_FAIL
[ERR] 15min.lt, NAV_FAIL
[ERR] hostgator.mx, NAV_FAIL
[ERR] kr-weathernews.com, NAV_FAIL
[ERR] maariv.co.il, NAV_FAIL
[ERR] orange.com, NAV_FAIL
[ERR] contentstack.io, NAV_FAIL
[ERR] theyarehuge.com, NAV_FAIL
[ERR] ucf.edu, NAV_FAIL
[ERR] stardewvalleywiki.com, NAV_FAIL
[ERR] boosty.to, NAV_FAIL
[ERR] gs.com, NAV_FAIL
[ERR] wal-mart.com, NAV_FAIL
[ERR] zoomit.ir, NAV_FAIL
[ERR] iata.org, NAV_FAIL
[ERR] myon.com, NAV_FAIL
[ERR] syr.edu, NAV_FAIL
[ERR] articulate.com, NAV_FAIL
[ERR] www.uni-muenchen.de, NAV_FAIL
[ERR] designboom.com, NAV_FAIL
[ERR] vinted.co.uk, NAV_FAIL
[ERR] solaredge.com, NAV_FAIL
[ERR] ebxcdn.com, NAV_FAIL
[ERR] marmiton.org, NAV_FAIL
[ERR] mathrubhumi.com, NAV_FAIL
[ERR] cosme.net, NAV_FAIL
[ERR] desjardins.com, NAV_FAIL
[ERR] gaymaletube.com, NAV_FAIL
[ERR] newsday.com, NAV_FAIL
[ERR] portfolio.hu, NAV_FAIL
[ERR] ocregister.com, NAV_FAIL
[ERR] google.ee, NAV_FAIL
[ERR] ismedia.jp, NAV_FAIL
[ERR] javtiful.com, NAV_FAIL
[ERR] adda247.com, NAV_FAIL
[ERR] 24sata.hr, NAV_FAIL
[ERR] humblebundle.com, NAV_FAIL
[ERR] jedox.com, NAV_FAIL
[ERR] univision.com, NAV_FAIL
[ERR] volkswagen.de, NAV_FAIL
[ERR] 1und1.de, NAV_FAIL
[ERR] mendeley.com, NAV_FAIL
[ERR] espn.com.br, NAV_FAIL
[ERR] goo-net.com, NAV_FAIL
[ERR] eurosport.fr, NAV_FAIL
[ERR] climatempo.com.br, NAV_FAIL
[ERR] infoworld.com, NAV_FAIL
[ERR] flashscore.com.br, NAV_FAIL
[ERR] horoscope.com, NAV_FAIL
[ERR] hornbach.de, NAV_FAIL
[ERR] google.is, NAV_FAIL
[ERR] bitcoin.org, NAV_FAIL
[ERR] komoot.com, NAV_FAIL
[ERR] uu.se, NAV_FAIL
[ERR] google.lk, NAV_FAIL
[ERR] google.je, NAV_FAIL
[ERR] camwhores.tv, NAV_FAIL
[ERR] toomics.com, NAV_FAIL
[ERR] hsbc.com, NAV_FAIL
[ERR] flightrising.com, NAV_FAIL
[ERR] inria.fr, NAV_FAIL
[ERR] xxxshame.com, NAV_FAIL
[ERR] rferl.org, NAV_FAIL
[ERR] libertatea.ro, NAV_FAIL
[ERR] motortrend.com, NAV_FAIL
[ERR] ouedkniss.com, NAV_FAIL
[ERR] epicurious.com, NAV_FAIL
[ERR] cardinalcommerce.com, NAV_FAIL
[ERR] nationalreview.com, NAV_FAIL
[ERR] attheraces.com, NAV_FAIL
[ERR] telecomsvc.com, NAV_FAIL
[ERR] amazon.ie, NAV_FAIL
[ERR] singaporeair.com, NAV_FAIL
[ERR] csod.com, NAV_FAIL
[ERR] sporza.be, NAV_FAIL
[ERR] creditmutuel.fr, NAV_FAIL
[ERR] investors.com, NAV_FAIL
[ERR] superawesome.tv, NAV_FAIL
[ERR] gladly.com, NAV_FAIL
[ERR] googl.com, NAV_FAIL
[ERR] nicehash.com, NAV_FAIL
[ERR] google.com.sv, NAV_FAIL
[ERR] vecernji.hr, NAV_FAIL
[ERR] google.bs, NAV_FAIL
[ERR] noip.com, NAV_FAIL
[ERR] madeiramadeira.com.br, NAV_FAIL
[ERR] radiozet.pl, NAV_FAIL
[ERR] nordkurier.de, NAV_FAIL
[ERR] phenompro.com, NAV_FAIL
[ERR] digi24.ro, NAV_FAIL
[ERR] tomtom.com, NAV_FAIL
[ERR] mgstage.com, NAV_FAIL
[ERR] zus.pl, NAV_FAIL
[ERR] bhaskar.com, NAV_FAIL
[ERR] provenexpert.com, NAV_FAIL
[ERR] inquirer.net, NAV_FAIL
[ERR] angi.com, NAV_FAIL
[ERR] sbicard.com, NAV_FAIL
[ERR] nuance.com, NAV_FAIL
[ERR] discover.com, NAV_FAIL
[ERR] pw.live, NAV_FAIL
[ERR] dealerinspire.com, NAV_FAIL
[ERR] macromill.com, NAV_FAIL
[ERR] basf.com, NAV_FAIL
[UNCAUGHT] write EIO